// Jest Snapshot v1, https://goo.gl/fbAQLP

exports[`<Carousel /> should match snapshot 1`] = `"<div class=\\"rex-carousel\\" role=\\"presentation\\"><h1>Hello ReX React Component Starter Kit!!</h1></div>"`;
